2026-07-16 04:30:28,815 - INFO - Access token issued successfully (expires: 2026-07-17 03:30:28.815188)
2026-07-16 04:30:28,816 - INFO - Token saved to file
2026-07-16 04:30:28,817 - INFO - ============================================================
2026-07-16 04:30:28,817 - INFO - EVENING TASK START
2026-07-16 04:30:28,817 - INFO - 실행시간 Time: 2026-07-16 04:30:28
2026-07-16 04:30:28,817 - INFO - ============================================================
2026-07-16 04:30:29,525 - INFO - Target date for price update: 2026-07-15
2026-07-16 04:30:29,535 - INFO - Updating price for 2026-07-15
2026-07-16 04:30:29,580 - INFO - Loaded 1 days of price data for SOXL
2026-07-16 04:30:29,583 - INFO - Price updated: 2026-07-15 - Close: $165.55
2026-07-16 13:31:31,837 - INFO - Access token issued successfully (expires: 2026-07-17 12:31:31.837379)
2026-07-16 13:31:31,838 - INFO - Token saved to file
2026-07-16 13:31:31,839 - INFO - ============================================================
2026-07-16 13:31:31,839 - INFO - MORNING TASK START
2026-07-16 13:31:31,839 - INFO - Time: 2026-07-16 13:31:31
2026-07-16 13:31:31,839 - INFO - Mode: LIVE
2026-07-16 13:31:31,839 - INFO - ============================================================
2026-07-16 13:31:32,535 - INFO - US Market Open on 2026-07-16
2026-07-16 13:31:32,555 - INFO - Order Calculation - Holdings: 55, Funds: $16086.83
2026-07-16 13:31:32,556 - INFO - Submitting LOC buy: 24 @ $165.55
2026-07-16 13:31:32,691 - ERROR - Order failed: 주문가능금액을 초과 했습니다
2026-07-16 13:31:32,692 - INFO - Submitting LOC sell: 13 @ $218.64
2026-07-16 13:31:32,794 - INFO - Order placed successfully: LOC_SELL 13 SOXL
2026-07-16 13:31:32,795 - INFO - Submitting LOC sell: 20 @ $193.22
2026-07-16 13:31:32,894 - ERROR - Order failed: 주문수량이 가능수량보다 큽니다
2026-07-16 13:31:32,895 - INFO - Submitting LOC sell: 22 @ $166.38
2026-07-16 13:31:32,994 - ERROR - Order failed: 주문수량이 가능수량보다 큽니다
2026-07-16 13:31:32,996 - INFO - Order Results: 1/4 successful
