2026-03-19 16:28:32,939 - INFO - Access token issued successfully (expires: 2026-03-20 15:28:32.939822)
2026-03-19 16:28:32,941 - INFO - Token saved to file
2026-03-19 16:28:32,941 - INFO - ============================================================
2026-03-19 16:28:32,941 - INFO - MORNING TASK START
2026-03-19 16:28:32,941 - INFO - Time: 2026-03-19 16:28:32
2026-03-19 16:28:32,941 - INFO - Mode: LIVE
2026-03-19 16:28:32,941 - INFO - ============================================================
2026-03-19 16:28:33,229 - INFO - US Market Open on 2026-03-19
2026-03-19 16:28:33,237 - INFO - Order Calculation - Holdings: 28, Funds: $1532.21
2026-03-19 16:28:33,238 - INFO - Submitting LOC buy: 9 @ $54.02
2026-03-19 16:28:34,645 - ERROR - Order failed: 주문가능금액을 초과 했습니다
2026-03-19 16:28:34,646 - INFO - Submitting LOC sell: 6 @ $65.67
2026-03-19 16:28:36,093 - ERROR - Order failed: 주문수량이 가능수량보다 큽니다
2026-03-19 16:28:36,094 - INFO - Submitting LOC sell: 7 @ $63.08
2026-03-19 16:28:37,485 - ERROR - Order failed: 주문수량이 가능수량보다 큽니다
2026-03-19 16:28:37,486 - INFO - Submitting LOC sell: 7 @ $63.07
2026-03-19 16:28:38,771 - ERROR - Order failed: 주문수량이 가능수량보다 큽니다
2026-03-19 16:28:38,772 - INFO - Submitting LOC sell: 8 @ $54.29
2026-03-19 16:28:40,305 - ERROR - Order failed: 주문수량이 가능수량보다 큽니다
2026-03-19 16:28:40,306 - INFO - Order Results: 0/5 successful
