2026-07-20 04:30:28,772 - INFO - Access token issued successfully (expires: 2026-07-21 03:30:28.772052)
2026-07-20 04:30:28,773 - INFO - Token saved to file
2026-07-20 04:30:28,773 - INFO - ============================================================
2026-07-20 04:30:28,774 - INFO - EVENING TASK START
2026-07-20 04:30:28,774 - INFO - 실행시간 Time: 2026-07-20 04:30:28
2026-07-20 04:30:28,774 - INFO - ============================================================
2026-07-20 04:30:29,490 - INFO - Target date for price update: 2026-07-17
2026-07-20 04:30:29,492 - INFO - DB already has data up to 2026-07-17, skip
2026-07-20 13:31:31,646 - INFO - Access token issued successfully (expires: 2026-07-21 12:31:31.646137)
2026-07-20 13:31:31,647 - INFO - Token saved to file
2026-07-20 13:31:31,648 - INFO - ============================================================
2026-07-20 13:31:31,648 - INFO - MORNING TASK START
2026-07-20 13:31:31,648 - INFO - Time: 2026-07-20 13:31:31
2026-07-20 13:31:31,648 - INFO - Mode: LIVE
2026-07-20 13:31:31,648 - INFO - ============================================================
2026-07-20 13:31:32,357 - INFO - US Market Open on 2026-07-20
2026-07-20 13:31:32,377 - INFO - Order Calculation - Holdings: 108, Funds: $8720.31
2026-07-20 13:31:32,386 - INFO - Submitting LOC buy: 32 @ $135.47
2026-07-20 13:31:32,528 - ERROR - Order failed: 주문가능금액을 초과 했습니다
2026-07-20 13:31:32,530 - INFO - Submitting LOC sell: 13 @ $218.64
2026-07-20 13:31:32,641 - INFO - Order placed successfully: LOC_SELL 13 SOXL
2026-07-20 13:31:32,642 - INFO - Submitting LOC sell: 20 @ $193.22
2026-07-20 13:31:32,742 - ERROR - Order failed: 주문수량이 가능수량보다 큽니다
2026-07-20 13:31:32,743 - INFO - Submitting LOC sell: 22 @ $166.38
2026-07-20 13:31:32,861 - ERROR - Order failed: 주문수량이 가능수량보다 큽니다
2026-07-20 13:31:32,862 - INFO - Submitting LOC sell: 24 @ $143.19
2026-07-20 13:31:32,975 - ERROR - Order failed: 주문수량이 가능수량보다 큽니다
2026-07-20 13:31:32,976 - INFO - Submitting LOC sell: 29 @ $136.15
2026-07-20 13:31:33,082 - ERROR - Order failed: 주문수량이 가능수량보다 큽니다
2026-07-20 13:31:33,083 - INFO - Order Results: 1/6 successful
