2026-08-03 04:30:28,631 - INFO - Access token issued successfully (expires: 2026-08-04 03:30:28.631035)
2026-08-03 04:30:28,632 - INFO - Token saved to file
2026-08-03 04:30:28,632 - INFO - ============================================================
2026-08-03 04:30:28,633 - INFO - EVENING TASK START
2026-08-03 04:30:28,633 - INFO - 실행시간 Time: 2026-08-03 04:30:28
2026-08-03 04:30:28,633 - INFO - ============================================================
2026-08-03 04:30:29,345 - INFO - Target date for price update: 2026-07-31
2026-08-03 04:30:29,347 - INFO - DB already has data up to 2026-07-31, skip
2026-08-03 13:31:31,766 - INFO - Access token issued successfully (expires: 2026-08-04 12:31:31.765937)
2026-08-03 13:31:31,767 - INFO - Token saved to file
2026-08-03 13:31:31,767 - INFO - ============================================================
2026-08-03 13:31:31,767 - INFO - MORNING TASK START
2026-08-03 13:31:31,767 - INFO - Time: 2026-08-03 13:31:31
2026-08-03 13:31:31,767 - INFO - Mode: LIVE
2026-08-03 13:31:31,767 - INFO - ============================================================
2026-08-03 13:31:32,448 - INFO - US Market Open on 2026-08-03
2026-08-03 13:31:32,466 - INFO - Order Calculation - Holdings: 0, Funds: $20500.00
2026-08-03 13:31:32,467 - INFO - Submitting LOC buy: 25 @ $114.72
2026-08-03 13:31:32,621 - INFO - Order placed successfully: LOC_BUY 25 SOXL
2026-08-03 13:31:32,623 - INFO - Order Results: 1/1 successful
