2026-07-06 05:16:16,003 - INFO - Access token issued successfully (expires: 2026-07-07 04:16:16.003857)
2026-07-06 05:16:16,005 - INFO - Token saved to file
2026-07-06 05:16:16,005 - INFO - ============================================================
2026-07-06 05:16:16,005 - INFO - EVENING TASK START
2026-07-06 05:16:16,005 - INFO - 실행시간 Time: 2026-07-06 05:16:16
2026-07-06 05:16:16,005 - INFO - ============================================================
2026-07-06 05:16:16,249 - INFO - Target date for price update: 2026-07-02
2026-07-06 05:16:16,250 - INFO - DB already has data up to 2026-07-02, skip
2026-07-06 17:19:27,988 - INFO - Access token issued successfully (expires: 2026-07-07 16:19:27.988100)
2026-07-06 17:19:27,989 - INFO - Token saved to file
2026-07-06 17:19:27,989 - INFO - ============================================================
2026-07-06 17:19:27,989 - INFO - MORNING TASK START
2026-07-06 17:19:27,989 - INFO - Time: 2026-07-06 17:19:27
2026-07-06 17:19:27,989 - INFO - Mode: LIVE
2026-07-06 17:19:27,990 - INFO - ============================================================
2026-07-06 17:19:28,299 - INFO - US Market Open on 2026-07-06
2026-07-06 17:19:28,307 - INFO - Order Calculation - Holdings: 30, Funds: $19918.26
2026-07-06 17:19:28,308 - INFO - Submitting LOC buy: 21 @ $181.47
2026-07-06 17:19:29,245 - ERROR - Order failed: 주문가능금액을 초과 했습니다
2026-07-06 17:19:29,246 - INFO - Submitting LOC sell: 13 @ $218.64
2026-07-06 17:19:30,146 - INFO - Order placed successfully: LOC_SELL 13 SOXL
2026-07-06 17:19:30,147 - INFO - Submitting LOC sell: 17 @ $182.38
2026-07-06 17:19:31,082 - ERROR - Order failed: 주문수량이 가능수량보다 큽니다
2026-07-06 17:19:31,083 - INFO - Order Results: 1/3 successful
