2026-07-17 04:30:28,552 - INFO - Access token issued successfully (expires: 2026-07-18 03:30:28.551969)
2026-07-17 04:30:28,553 - INFO - Token saved to file
2026-07-17 04:30:28,553 - INFO - ============================================================
2026-07-17 04:30:28,553 - INFO - EVENING TASK START
2026-07-17 04:30:28,553 - INFO - 실행시간 Time: 2026-07-17 04:30:28
2026-07-17 04:30:28,553 - INFO - ============================================================
2026-07-17 04:30:29,162 - INFO - Target date for price update: 2026-07-16
2026-07-17 04:30:29,176 - INFO - Updating price for 2026-07-16
2026-07-17 04:30:29,226 - INFO - Loaded 1 days of price data for SOXL
2026-07-17 04:30:29,229 - INFO - Price updated: 2026-07-16 - Close: $142.48
2026-07-17 13:31:31,705 - INFO - Access token issued successfully (expires: 2026-07-18 12:31:31.705275)
2026-07-17 13:31:31,706 - INFO - Token saved to file
2026-07-17 13:31:31,707 - INFO - ============================================================
2026-07-17 13:31:31,707 - INFO - MORNING TASK START
2026-07-17 13:31:31,707 - INFO - Time: 2026-07-17 13:31:31
2026-07-17 13:31:31,707 - INFO - Mode: LIVE
2026-07-17 13:31:31,707 - INFO - ============================================================
2026-07-17 13:31:32,421 - INFO - US Market Open on 2026-07-17
2026-07-17 13:31:32,445 - INFO - Order Calculation - Holdings: 79, Funds: $12658.76
2026-07-17 13:31:32,446 - INFO - Submitting LOC buy: 29 @ $142.48
2026-07-17 13:31:32,598 - ERROR - Order failed: 주문가능금액을 초과 했습니다
2026-07-17 13:31:32,599 - INFO - Submitting LOC sell: 13 @ $218.64
2026-07-17 13:31:32,715 - INFO - Order placed successfully: LOC_SELL 13 SOXL
2026-07-17 13:31:32,716 - INFO - Submitting LOC sell: 20 @ $193.22
2026-07-17 13:31:32,824 - ERROR - Order failed: 주문수량이 가능수량보다 큽니다
2026-07-17 13:31:32,825 - INFO - Submitting LOC sell: 22 @ $166.38
2026-07-17 13:31:32,944 - ERROR - Order failed: 주문수량이 가능수량보다 큽니다
2026-07-17 13:31:32,945 - INFO - Submitting LOC sell: 24 @ $143.19
2026-07-17 13:31:33,063 - ERROR - Order failed: 주문수량이 가능수량보다 큽니다
2026-07-17 13:31:33,065 - INFO - Order Results: 1/5 successful
