2026-07-13 04:30:29,268 - INFO - Access token issued successfully (expires: 2026-07-14 03:30:29.268813)
2026-07-13 04:30:29,270 - INFO - Token saved to file
2026-07-13 04:30:29,270 - INFO - ============================================================
2026-07-13 04:30:29,270 - INFO - EVENING TASK START
2026-07-13 04:30:29,270 - INFO - 실행시간 Time: 2026-07-13 04:30:29
2026-07-13 04:30:29,270 - INFO - ============================================================
2026-07-13 04:30:29,984 - INFO - Target date for price update: 2026-07-10
2026-07-13 04:30:29,985 - INFO - DB already has data up to 2026-07-10, skip
2026-07-13 13:31:31,592 - INFO - Access token issued successfully (expires: 2026-07-14 12:31:31.592838)
2026-07-13 13:31:31,594 - INFO - Token saved to file
2026-07-13 13:31:31,594 - INFO - ============================================================
2026-07-13 13:31:31,594 - INFO - MORNING TASK START
2026-07-13 13:31:31,594 - INFO - Time: 2026-07-13 13:31:31
2026-07-13 13:31:31,594 - INFO - Mode: LIVE
2026-07-13 13:31:31,594 - INFO - ============================================================
2026-07-13 13:31:32,296 - INFO - US Market Open on 2026-07-13
2026-07-13 13:31:32,316 - INFO - Order Calculation - Holdings: 33, Funds: $19529.33
2026-07-13 13:31:32,317 - INFO - Submitting LOC buy: 20 @ $192.26
2026-07-13 13:31:32,455 - ERROR - Order failed: 주문가능금액을 초과 했습니다
2026-07-13 13:31:32,456 - INFO - Submitting LOC sell: 13 @ $218.64
2026-07-13 13:31:32,559 - INFO - Order placed successfully: LOC_SELL 13 SOXL
2026-07-13 13:31:32,561 - INFO - Submitting LOC sell: 20 @ $193.22
2026-07-13 13:31:32,687 - ERROR - Order failed: 주문수량이 가능수량보다 큽니다
2026-07-13 13:31:32,689 - INFO - Order Results: 1/3 successful
