2026-05-14 04:49:54,303 - INFO - Access token issued successfully (expires: 2026-05-15 03:49:54.303048)
2026-05-14 04:49:54,304 - INFO - Token saved to file
2026-05-14 04:49:54,304 - INFO - ============================================================
2026-05-14 04:49:54,304 - INFO - EVENING TASK START
2026-05-14 04:49:54,304 - INFO - 실행시간 Time: 2026-05-14 04:49:54
2026-05-14 04:49:54,304 - INFO - ============================================================
2026-05-14 04:49:54,590 - INFO - Target date for price update: 2026-05-13
2026-05-14 04:49:54,591 - INFO - Updating price for 2026-05-13
2026-05-14 04:49:55,516 - INFO - Loaded 1 days of price data for SOXL
2026-05-14 04:49:55,520 - INFO - Price updated: 2026-05-13 - Close: $184.24
2026-05-14 17:18:45,344 - INFO - Access token issued successfully (expires: 2026-05-15 16:18:45.344632)
2026-05-14 17:18:45,346 - INFO - Token saved to file
2026-05-14 17:18:45,346 - INFO - ============================================================
2026-05-14 17:18:45,346 - INFO - MORNING TASK START
2026-05-14 17:18:45,346 - INFO - Time: 2026-05-14 17:18:45
2026-05-14 17:18:45,346 - INFO - Mode: LIVE
2026-05-14 17:18:45,346 - INFO - ============================================================
2026-05-14 17:18:45,630 - INFO - US Market Open on 2026-05-14
2026-05-14 17:18:45,638 - INFO - Order Calculation - Holdings: 0, Funds: $16737.00
2026-05-14 17:18:45,638 - INFO - Submitting LOC buy: 12 @ $184.24
2026-05-14 17:18:47,013 - INFO - Order placed successfully: LOC_BUY 12 SOXL
2026-05-14 17:18:47,014 - INFO - Order Results: 1/1 successful
