2026-09-01 04:30:28,774 - INFO - Access token issued successfully (expires: 2026-09-02 03:30:28.774647)
2026-09-01 04:30:28,776 - INFO - Token saved to file
2026-09-01 04:30:28,776 - INFO - ============================================================
2026-09-01 04:30:28,776 - INFO - EVENING TASK START
2026-09-01 04:30:28,776 - INFO - 실행시간 Time: 2026-09-01 04:30:28
2026-09-01 04:30:28,776 - INFO - ============================================================
2026-09-01 04:30:29,476 - INFO - Target date for price update: 2026-08-31
2026-09-01 04:30:29,478 - INFO - Updating price for 2026-08-31
2026-09-01 04:30:29,535 - INFO - Loaded 1 days of price data for SOXL
2026-09-01 04:30:29,538 - INFO - Price updated: 2026-08-31 - Close: $112.79
2026-09-01 13:31:32,072 - INFO - Access token issued successfully (expires: 2026-09-02 12:31:32.072481)
2026-09-01 13:31:32,074 - INFO - Token saved to file
2026-09-01 13:31:32,074 - INFO - ============================================================
2026-09-01 13:31:32,074 - INFO - MORNING TASK START
2026-09-01 13:31:32,074 - INFO - Time: 2026-09-01 13:31:32
2026-09-01 13:31:32,074 - INFO - Mode: LIVE
2026-09-01 13:31:32,074 - INFO - ============================================================
2026-09-01 13:31:32,786 - INFO - US Market Open on 2026-09-01
2026-09-01 13:31:32,806 - INFO - Order Calculation - Holdings: 19, Funds: $18543.60
2026-09-01 13:31:32,807 - INFO - Submitting LOC buy: 27 @ $112.79
2026-09-01 13:31:32,938 - INFO - Order placed successfully: LOC_BUY 27 SOXL
2026-09-01 13:31:32,940 - INFO - Submitting LOC sell: 19 @ $129.75
2026-09-01 13:31:33,050 - ERROR - Order failed: 주문수량이 가능수량보다 큽니다
2026-09-01 13:31:33,051 - INFO - Order Results: 1/2 successful
