2026-06-29 05:54:16,107 - INFO - Access token issued successfully (expires: 2026-06-30 04:54:16.107185)
2026-06-29 05:54:16,108 - INFO - Token saved to file
2026-06-29 05:54:16,108 - INFO - ============================================================
2026-06-29 05:54:16,108 - INFO - EVENING TASK START
2026-06-29 05:54:16,108 - INFO - 실행시간 Time: 2026-06-29 05:54:16
2026-06-29 05:54:16,108 - INFO - ============================================================
2026-06-29 05:54:16,371 - INFO - Target date for price update: 2026-06-26
2026-06-29 05:54:16,371 - INFO - DB already has data up to 2026-06-26, skip
2026-06-29 17:16:17,694 - INFO - Access token issued successfully (expires: 2026-06-30 16:16:17.694049)
2026-06-29 17:16:17,695 - INFO - Token saved to file
2026-06-29 17:16:17,695 - INFO - ============================================================
2026-06-29 17:16:17,695 - INFO - MORNING TASK START
2026-06-29 17:16:17,695 - INFO - Time: 2026-06-29 17:16:17
2026-06-29 17:16:17,695 - INFO - Mode: LIVE
2026-06-29 17:16:17,695 - INFO - ============================================================
2026-06-29 17:16:17,971 - INFO - US Market Open on 2026-06-29
2026-06-29 17:16:17,978 - INFO - Order Calculation - Holdings: 14, Funds: $22543.19
2026-06-29 17:16:17,978 - INFO - Submitting LOC buy: 17 @ $215.60
2026-06-29 17:16:18,914 - ERROR - Order failed: 주문가능금액을 초과 했습니다
2026-06-29 17:16:18,914 - INFO - Submitting LOC sell: 14 @ $216.68
2026-06-29 17:16:19,892 - INFO - Order placed successfully: LOC_SELL 14 SOXL
2026-06-29 17:16:19,893 - INFO - Order Results: 1/2 successful
