2026-08-13 04:30:29,012 - INFO - Access token issued successfully (expires: 2026-08-14 03:30:29.011947)
2026-08-13 04:30:29,013 - INFO - Token saved to file
2026-08-13 04:30:29,013 - INFO - ============================================================
2026-08-13 04:30:29,013 - INFO - EVENING TASK START
2026-08-13 04:30:29,014 - INFO - 실행시간 Time: 2026-08-13 04:30:29
2026-08-13 04:30:29,014 - INFO - ============================================================
2026-08-13 04:30:29,714 - INFO - Target date for price update: 2026-08-12
2026-08-13 04:30:29,715 - INFO - Updating price for 2026-08-12
2026-08-13 04:30:29,769 - INFO - Loaded 1 days of price data for SOXL
2026-08-13 04:30:29,772 - INFO - Price updated: 2026-08-12 - Close: $142.16
2026-08-13 13:31:32,114 - INFO - Access token issued successfully (expires: 2026-08-14 12:31:32.114652)
2026-08-13 13:31:32,116 - INFO - Token saved to file
2026-08-13 13:31:32,116 - INFO - ============================================================
2026-08-13 13:31:32,116 - INFO - MORNING TASK START
2026-08-13 13:31:32,116 - INFO - Time: 2026-08-13 13:31:32
2026-08-13 13:31:32,116 - INFO - Mode: LIVE
2026-08-13 13:31:32,116 - INFO - ============================================================
2026-08-13 13:31:32,841 - INFO - US Market Open on 2026-08-13
2026-08-13 13:31:32,851 - INFO - Order Calculation - Holdings: 0, Funds: $20699.18
2026-08-13 13:31:32,856 - INFO - Submitting LOC buy: 20 @ $142.16
2026-08-13 13:31:33,022 - INFO - Order placed successfully: LOC_BUY 20 SOXL
2026-08-13 13:31:33,023 - INFO - Order Results: 1/1 successful
