2026-05-04 04:42:11,831 - INFO - Access token issued successfully (expires: 2026-05-05 03:42:11.831213)
2026-05-04 04:42:11,832 - INFO - Token saved to file
2026-05-04 04:42:11,832 - INFO - ============================================================
2026-05-04 04:42:11,832 - INFO - EVENING TASK START
2026-05-04 04:42:11,832 - INFO - 실행시간 Time: 2026-05-04 04:42:11
2026-05-04 04:42:11,832 - INFO - ============================================================
2026-05-04 04:42:12,118 - INFO - Target date for price update: 2026-05-01
2026-05-04 04:42:12,119 - INFO - DB already has data up to 2026-05-01, skip
2026-05-04 17:10:05,828 - INFO - Access token issued successfully (expires: 2026-05-05 16:10:05.828569)
2026-05-04 17:10:05,830 - INFO - Token saved to file
2026-05-04 17:10:05,830 - INFO - ============================================================
2026-05-04 17:10:05,830 - INFO - MORNING TASK START
2026-05-04 17:10:05,830 - INFO - Time: 2026-05-04 17:10:05
2026-05-04 17:10:05,830 - INFO - Mode: LIVE
2026-05-04 17:10:05,830 - INFO - ============================================================
2026-05-04 17:10:06,079 - INFO - US Market Open on 2026-05-04
2026-05-04 17:10:06,086 - INFO - Order Calculation - Holdings: 0, Funds: $16000.00
2026-05-04 17:10:06,087 - INFO - Submitting LOC buy: 17 @ $130.40
2026-05-04 17:10:07,142 - INFO - Order placed successfully: LOC_BUY 17 SOXL
2026-05-04 17:10:07,143 - INFO - Order Results: 1/1 successful
