2026-06-30 05:09:14,897 - INFO - Access token issued successfully (expires: 2026-07-01 04:09:14.897811)
2026-06-30 05:09:14,899 - INFO - Token saved to file
2026-06-30 05:09:14,899 - INFO - ============================================================
2026-06-30 05:09:14,899 - INFO - EVENING TASK START
2026-06-30 05:09:14,899 - INFO - 실행시간 Time: 2026-06-30 05:09:14
2026-06-30 05:09:14,899 - INFO - ============================================================
2026-06-30 05:09:15,183 - INFO - Target date for price update: 2026-06-29
2026-06-30 05:09:15,184 - INFO - DB already has data up to 2026-06-29, skip
2026-06-30 16:35:31,597 - INFO - Access token issued successfully (expires: 2026-07-01 15:35:31.597045)
2026-06-30 16:35:31,598 - INFO - Token saved to file
2026-06-30 16:35:31,598 - INFO - ============================================================
2026-06-30 16:35:31,598 - INFO - MORNING TASK START
2026-06-30 16:35:31,599 - INFO - Time: 2026-06-30 16:35:31
2026-06-30 16:35:31,599 - INFO - Mode: LIVE
2026-06-30 16:35:31,599 - INFO - ============================================================
2026-06-30 16:35:31,951 - INFO - US Market Open on 2026-06-30
2026-06-30 16:35:31,960 - INFO - Order Calculation - Holdings: 0, Funds: $25846.19
2026-06-30 16:35:31,961 - INFO - Submitting LOC buy: 15 @ $236.52
2026-06-30 16:35:33,118 - INFO - Order placed successfully: LOC_BUY 15 SOXL
2026-06-30 16:35:33,119 - INFO - Order Results: 1/1 successful
