2026-06-18 05:58:47,518 - INFO - Access token issued successfully (expires: 2026-06-19 04:58:47.518181)
2026-06-18 05:58:47,519 - INFO - Token saved to file
2026-06-18 05:58:47,519 - INFO - ============================================================
2026-06-18 05:58:47,519 - INFO - EVENING TASK START
2026-06-18 05:58:47,519 - INFO - 실행시간 Time: 2026-06-18 05:58:47
2026-06-18 05:58:47,519 - INFO - ============================================================
2026-06-18 05:58:47,799 - INFO - Target date for price update: 2026-06-17
2026-06-18 05:58:47,800 - INFO - Updating price for 2026-06-17
2026-06-18 05:58:48,543 - INFO - Loaded 1 days of price data for SOXL
2026-06-18 05:58:48,547 - INFO - Price updated: 2026-06-17 - Close: $233.86
2026-06-18 17:40:22,434 - INFO - Access token issued successfully (expires: 2026-06-19 16:40:22.434871)
2026-06-18 17:40:22,436 - INFO - Token saved to file
2026-06-18 17:40:22,436 - INFO - ============================================================
2026-06-18 17:40:22,436 - INFO - MORNING TASK START
2026-06-18 17:40:22,436 - INFO - Time: 2026-06-18 17:40:22
2026-06-18 17:40:22,436 - INFO - Mode: LIVE
2026-06-18 17:40:22,436 - INFO - ============================================================
2026-06-18 17:40:22,676 - INFO - US Market Open on 2026-06-18
2026-06-18 17:40:22,683 - INFO - Order Calculation - Holdings: 0, Funds: $28392.44
2026-06-18 17:40:22,683 - INFO - Submitting LOC buy: 17 @ $233.86
2026-06-18 17:40:24,060 - ERROR - Order failed: 주문가능금액을 초과 했습니다
2026-06-18 17:40:24,061 - INFO - Order Results: 0/1 successful
