2026-08-21 04:30:28,804 - INFO - Access token issued successfully (expires: 2026-08-22 03:30:28.804353)
2026-08-21 04:30:28,805 - INFO - Token saved to file
2026-08-21 04:30:28,806 - INFO - ============================================================
2026-08-21 04:30:28,806 - INFO - EVENING TASK START
2026-08-21 04:30:28,806 - INFO - 실행시간 Time: 2026-08-21 04:30:28
2026-08-21 04:30:28,806 - INFO - ============================================================
2026-08-21 04:30:29,523 - INFO - Target date for price update: 2026-08-20
2026-08-21 04:30:29,524 - INFO - Updating price for 2026-08-20
2026-08-21 04:30:29,584 - INFO - Loaded 1 days of price data for SOXL
2026-08-21 04:30:29,587 - INFO - Price updated: 2026-08-20 - Close: $122.21
2026-08-21 13:31:31,828 - INFO - Access token issued successfully (expires: 2026-08-22 12:31:31.828241)
2026-08-21 13:31:31,829 - INFO - Token saved to file
2026-08-21 13:31:31,830 - INFO - ============================================================
2026-08-21 13:31:31,830 - INFO - MORNING TASK START
2026-08-21 13:31:31,830 - INFO - Time: 2026-08-21 13:31:31
2026-08-21 13:31:31,830 - INFO - Mode: LIVE
2026-08-21 13:31:31,830 - INFO - ============================================================
2026-08-21 13:31:32,514 - INFO - US Market Open on 2026-08-21
2026-08-21 13:31:32,533 - INFO - Order Calculation - Holdings: 19, Funds: $18376.76
2026-08-21 13:31:32,534 - INFO - Submitting LOC buy: 25 @ $122.21
2026-08-21 13:31:32,676 - INFO - Order placed successfully: LOC_BUY 25 SOXL
2026-08-21 13:31:32,677 - INFO - Submitting LOC sell: 19 @ $129.75
2026-08-21 13:31:32,796 - INFO - Order placed successfully: LOC_SELL 19 SOXL
2026-08-21 13:31:32,797 - INFO - Order Results: 2/2 successful
