2026-05-11 05:00:04,868 - INFO - Access token issued successfully (expires: 2026-05-12 04:00:04.868785)
2026-05-11 05:00:04,870 - INFO - Token saved to file
2026-05-11 05:00:04,870 - INFO - ============================================================
2026-05-11 05:00:04,870 - INFO - EVENING TASK START
2026-05-11 05:00:04,870 - INFO - 실행시간 Time: 2026-05-11 05:00:04
2026-05-11 05:00:04,870 - INFO - ============================================================
2026-05-11 05:00:05,154 - INFO - Target date for price update: 2026-05-08
2026-05-11 05:00:05,154 - INFO - DB already has data up to 2026-05-08, skip
2026-05-11 17:32:35,727 - INFO - Access token issued successfully (expires: 2026-05-12 16:32:35.727921)
2026-05-11 17:32:35,729 - INFO - Token saved to file
2026-05-11 17:32:35,729 - INFO - ============================================================
2026-05-11 17:32:35,729 - INFO - MORNING TASK START
2026-05-11 17:32:35,729 - INFO - Time: 2026-05-11 17:32:35
2026-05-11 17:32:35,729 - INFO - Mode: LIVE
2026-05-11 17:32:35,729 - INFO - ============================================================
2026-05-11 17:32:35,970 - INFO - US Market Open on 2026-05-11
2026-05-11 17:32:35,976 - INFO - Order Calculation - Holdings: 0, Funds: $16607.07
2026-05-11 17:32:35,977 - INFO - Submitting LOC buy: 13 @ $176.94
2026-05-11 17:32:37,317 - INFO - Order placed successfully: LOC_BUY 13 SOXL
2026-05-11 17:32:37,318 - INFO - Order Results: 1/1 successful
