2026-09-03 04:30:28,928 - INFO - Access token issued successfully (expires: 2026-09-04 03:30:28.928660)
2026-09-03 04:30:28,930 - INFO - Token saved to file
2026-09-03 04:30:28,930 - INFO - ============================================================
2026-09-03 04:30:28,930 - INFO - EVENING TASK START
2026-09-03 04:30:28,930 - INFO - 실행시간 Time: 2026-09-03 04:30:28
2026-09-03 04:30:28,930 - INFO - ============================================================
2026-09-03 04:30:29,557 - INFO - Target date for price update: 2026-09-02
2026-09-03 04:30:29,570 - INFO - Updating price for 2026-09-02
2026-09-03 04:30:29,751 - INFO - Loaded 1 days of price data for SOXL
2026-09-03 04:30:29,754 - INFO - Price updated: 2026-09-02 - Close: $106.35
2026-09-03 13:31:31,743 - INFO - Access token issued successfully (expires: 2026-09-04 12:31:31.743279)
2026-09-03 13:31:31,744 - INFO - Token saved to file
2026-09-03 13:31:31,745 - INFO - ============================================================
2026-09-03 13:31:31,745 - INFO - MORNING TASK START
2026-09-03 13:31:31,745 - INFO - Time: 2026-09-03 13:31:31
2026-09-03 13:31:31,745 - INFO - Mode: LIVE
2026-09-03 13:31:31,745 - INFO - ============================================================
2026-09-03 13:31:32,450 - INFO - US Market Open on 2026-09-03
2026-09-03 13:31:32,470 - INFO - Order Calculation - Holdings: 46, Funds: $15676.88
2026-09-03 13:31:32,471 - INFO - Submitting LOC buy: 29 @ $106.35
2026-09-03 13:31:32,595 - ERROR - Order failed: 주문가능금액을 초과 했습니다
2026-09-03 13:31:32,596 - INFO - Submitting LOC sell: 19 @ $129.75
2026-09-03 13:31:32,711 - INFO - Order placed successfully: LOC_SELL 19 SOXL
2026-09-03 13:31:32,712 - INFO - Submitting LOC sell: 27 @ $106.44
2026-09-03 13:31:32,823 - ERROR - Order failed: 주문수량이 가능수량보다 큽니다
2026-09-03 13:31:32,824 - INFO - Order Results: 1/3 successful
