2026-08-10 04:30:28,762 - INFO - Access token issued successfully (expires: 2026-08-11 03:30:28.762354)
2026-08-10 04:30:28,763 - INFO - Token saved to file
2026-08-10 04:30:28,764 - INFO - ============================================================
2026-08-10 04:30:28,764 - INFO - EVENING TASK START
2026-08-10 04:30:28,764 - INFO - 실행시간 Time: 2026-08-10 04:30:28
2026-08-10 04:30:28,764 - INFO - ============================================================
2026-08-10 04:30:29,395 - INFO - Target date for price update: 2026-08-07
2026-08-10 04:30:29,396 - INFO - DB already has data up to 2026-08-07, skip
2026-08-10 13:31:31,845 - INFO - Access token issued successfully (expires: 2026-08-11 12:31:31.845071)
2026-08-10 13:31:31,846 - INFO - Token saved to file
2026-08-10 13:31:31,846 - INFO - ============================================================
2026-08-10 13:31:31,847 - INFO - MORNING TASK START
2026-08-10 13:31:31,847 - INFO - Time: 2026-08-10 13:31:31
2026-08-10 13:31:31,847 - INFO - Mode: LIVE
2026-08-10 13:31:31,847 - INFO - ============================================================
2026-08-10 13:31:32,540 - INFO - US Market Open on 2026-08-10
2026-08-10 13:31:32,550 - INFO - Order Calculation - Holdings: 0, Funds: $20649.98
2026-08-10 13:31:32,560 - INFO - Submitting LOC buy: 21 @ $140.25
2026-08-10 13:31:32,703 - INFO - Order placed successfully: LOC_BUY 21 SOXL
2026-08-10 13:31:32,704 - INFO - Order Results: 1/1 successful
