2026-08-14 04:30:28,892 - INFO - Access token issued successfully (expires: 2026-08-15 03:30:28.892350)
2026-08-14 04:30:28,893 - INFO - Token saved to file
2026-08-14 04:30:28,894 - INFO - ============================================================
2026-08-14 04:30:28,894 - INFO - EVENING TASK START
2026-08-14 04:30:28,894 - INFO - 실행시간 Time: 2026-08-14 04:30:28
2026-08-14 04:30:28,894 - INFO - ============================================================
2026-08-14 04:30:29,597 - INFO - Target date for price update: 2026-08-13
2026-08-14 04:30:29,598 - INFO - Updating price for 2026-08-13
2026-08-14 04:30:29,661 - INFO - Loaded 1 days of price data for SOXL
2026-08-14 04:30:29,664 - INFO - Price updated: 2026-08-13 - Close: $145.36
2026-08-14 13:31:32,221 - INFO - Access token issued successfully (expires: 2026-08-15 12:31:32.221930)
2026-08-14 13:31:32,223 - INFO - Token saved to file
2026-08-14 13:31:32,223 - INFO - ============================================================
2026-08-14 13:31:32,223 - INFO - MORNING TASK START
2026-08-14 13:31:32,224 - INFO - Time: 2026-08-14 13:31:32
2026-08-14 13:31:32,224 - INFO - Mode: LIVE
2026-08-14 13:31:32,224 - INFO - ============================================================
2026-08-14 13:31:32,939 - INFO - US Market Open on 2026-08-14
2026-08-14 13:31:32,959 - INFO - Order Calculation - Holdings: 0, Funds: $20699.18
2026-08-14 13:31:32,960 - INFO - Submitting LOC buy: 20 @ $145.36
2026-08-14 13:31:33,112 - INFO - Order placed successfully: LOC_BUY 20 SOXL
2026-08-14 13:31:33,113 - INFO - Order Results: 1/1 successful
