2026-06-01 06:07:59,806 - INFO - Access token issued successfully (expires: 2026-06-02 05:07:59.806637)
2026-06-01 06:07:59,808 - INFO - Token saved to file
2026-06-01 06:07:59,808 - INFO - ============================================================
2026-06-01 06:07:59,808 - INFO - EVENING TASK START
2026-06-01 06:07:59,808 - INFO - 실행시간 Time: 2026-06-01 06:07:59
2026-06-01 06:07:59,808 - INFO - ============================================================
2026-06-01 06:08:00,107 - INFO - Target date for price update: 2026-05-29
2026-06-01 06:08:00,108 - INFO - DB already has data up to 2026-05-29, skip
2026-06-01 19:59:32,749 - INFO - Access token issued successfully (expires: 2026-06-02 18:59:32.749059)
2026-06-01 19:59:32,750 - INFO - Token saved to file
2026-06-01 19:59:32,750 - INFO - ============================================================
2026-06-01 19:59:32,750 - INFO - MORNING TASK START
2026-06-01 19:59:32,750 - INFO - Time: 2026-06-01 19:59:32
2026-06-01 19:59:32,750 - INFO - Mode: LIVE
2026-06-01 19:59:32,750 - INFO - ============================================================
2026-06-01 19:59:33,036 - INFO - US Market Open on 2026-06-01
2026-06-01 19:59:33,043 - INFO - Order Calculation - Holdings: 16, Funds: $22990.28
2026-06-01 19:59:33,044 - INFO - Submitting LOC buy: 17 @ $224.34
2026-06-01 19:59:34,068 - ERROR - Order failed: [API MOC 또는 LOC 주문불가 시간] 오류입니다.
2026-06-01 19:59:34,070 - INFO - Submitting LOC sell: 16 @ $225.46
2026-06-01 19:59:35,138 - ERROR - Order failed: [API MOC 또는 LOC 주문불가 시간] 오류입니다.
2026-06-01 19:59:35,139 - INFO - Order Results: 0/2 successful
