================================================================================
🚀 떨사오팔 자동매매 시스템 (🚀 LIVE MODE)
================================================================================
• 종목: SOXL
• 초기자금: $3,000
• 분할수: 7
• 수수료: 0.25%
• 시작일: 2026-01-26
================================================================================

================================================================================
📅 2026-01-25 (일) - Morning Task (00:41 KST)
================================================================================
🚫 미국 시장 휴장일

--------------------------------------------------------------------------------

================================================================================
📅 2026-01-26 (월) - Morning Task (00:52 KST)
================================================================================
🚨 에러 발생: object of type 'NoneType' has no len()

--------------------------------------------------------------------------------

================================================================================
📅 2026-01-27 (화) - Morning Task (00:50 KST)
================================================================================
✅ 미국 시장 개장일

📊 주문 내역:
  • LOC 매수: 7주 @ $60.70
  • LOC 매도: 6주 @ $61.00

💼 포트폴리오:
  • 보유 주식: 6주
  • 남은 잔고: $2634.89

--------------------------------------------------------------------------------

================================================================================
📅 2026-01-27 (화) - Morning Task (01:40 KST)
================================================================================
✅ 미국 시장 개장일

📊 주문 내역:
  • LOC 매수: 7주 @ $60.70
  • LOC 매도: 6주 @ $61.00

💼 포트폴리오:
  • 보유 주식: 6주
  • 남은 잔고: $2634.89

--------------------------------------------------------------------------------

================================================================================
📅 2026-01-27 (화) - Morning Task (01:58 KST)
================================================================================
✅ 미국 시장 개장일

📊 주문 내역:
  • LOC 매수: 7주 @ $60.70
  • LOC 매도: 6주 @ $61.00

💼 포트폴리오:
  • 보유 주식: 6주
  • 남은 잔고: $2634.89

--------------------------------------------------------------------------------

================================================================================
📅 2026-01-27 (화) - Morning Task (02:07 KST)
================================================================================
✅ 미국 시장 개장일

📊 주문 내역:
  • LOC 매수: 7주 @ $60.70
  • LOC 매도: 6주 @ $61.00

💼 포트폴리오:
  • 보유 주식: 6주
  • 남은 잔고: $2634.89

--------------------------------------------------------------------------------

================================================================================
📅 2026-01-28 (수) - Morning Task (00:57 KST)
================================================================================
✅ 미국 시장 개장일

📊 주문 내역:
  • LOC 매수: 6주 @ $64.96
  • 매도: 없음

💼 포트폴리오:
  • 보유 주식: 0주
  • 남은 잔고: $3023.68

--------------------------------------------------------------------------------

================================================================================
📅 2026-01-29 (목) - Morning Task (01:00 KST)
================================================================================
✅ 미국 시장 개장일

📊 주문 내역:
  • LOC 매수: 6주 @ $70.09
  • 매도: 없음

💼 포트폴리오:
  • 보유 주식: 0주
  • 남은 잔고: $3023.68

--------------------------------------------------------------------------------

================================================================================
📅 2026-01-30 (금) - Morning Task (00:57 KST)
================================================================================
✅ 미국 시장 개장일

📊 주문 내역:
  • LOC 매수: 6주 @ $70.47
  • 매도: 없음

💼 포트폴리오:
  • 보유 주식: 0주
  • 남은 잔고: $3023.68

--------------------------------------------------------------------------------

================================================================================
📅 2026-01-31 (토) - Morning Task (00:46 KST)
================================================================================
🚫 미국 시장 휴장일

--------------------------------------------------------------------------------

================================================================================
📅 2026-02-01 (일) - Morning Task (00:47 KST)
================================================================================
🚫 미국 시장 휴장일

--------------------------------------------------------------------------------

================================================================================
📅 2026-02-02 (월) - Morning Task (00:57 KST)
================================================================================
✅ 미국 시장 개장일

📊 주문 내역:
  • LOC 매수: 7주 @ $61.79
  • LOC 매도: 6주 @ $62.10

💼 포트폴리오:
  • 보유 주식: 6주
  • 남은 잔고: $2652.01

--------------------------------------------------------------------------------

================================================================================
📅 2026-02-03 (화) - Morning Task (01:11 KST)
================================================================================
✅ 미국 시장 개장일

📊 주문 내역:
  • LOC 매수: 6주 @ $65.20
  • 매도: 없음

💼 포트폴리오:
  • 보유 주식: 0주
  • 남은 잔고: $3042.23

--------------------------------------------------------------------------------

================================================================================
📅 2026-02-04 (수) - Morning Task (01:07 KST)
================================================================================
✅ 미국 시장 개장일

📊 주문 내역:
  • LOC 매수: 7주 @ $61.20
  • LOC 매도: 6주 @ $61.51

💼 포트폴리오:
  • 보유 주식: 6주
  • 남은 잔고: $2674.11

--------------------------------------------------------------------------------

