================================================================================
🚀 떨사오팔 자동매매 시스템 (DRY-RUN MODE)
================================================================================
• 종목: SOXL
• 초기자금: $10,000
• 분할수: 7
• 수수료: 0.25%
• 시작일: 2025-12-13
================================================================================

================================================================================
📅 2025-12-31 (수) - Evening Task (12:09 KST)
================================================================================
📈 종가 업데이트 완료: $42.03

--------------------------------------------------------------------------------

================================================================================
📅 2026-01-01 (목) - Morning Task (00:42 KST)
================================================================================
🚫 미국 시장 휴장일

--------------------------------------------------------------------------------

================================================================================
📅 2026-01-01 (목) - Evening Task (12:00 KST)
================================================================================
🚫 미국 시장 휴장일 - 종가 업데이트 없음

--------------------------------------------------------------------------------

================================================================================
📅 2026-01-02 (금) - Morning Task (00:43 KST)
================================================================================
✅ 미국 시장 개장일

📊 주문 내역:
  • LOC 매수: 35주 @ $42.03
  • LOC 매도: 32주 @ $44.43
  • LOC 매도: 32주 @ $44.04
  • LOC 매도: 33주 @ $43.89
  • LOC 매도: 33주 @ $42.24

💼 포트폴리오:
  • 보유 주식: 130주
  • 남은 잔고: $4470.40

--------------------------------------------------------------------------------

================================================================================
📅 2026-01-02 (금) - Evening Task (11:51 KST)
================================================================================
📈 종가 업데이트 완료: $47.24

--------------------------------------------------------------------------------

================================================================================
📅 2026-01-03 (토) - Morning Task (00:40 KST)
================================================================================
🚫 미국 시장 휴장일

--------------------------------------------------------------------------------

================================================================================
📅 2026-01-03 (토) - Evening Task (12:10 KST)
================================================================================
🚫 미국 시장 휴장일 - 종가 업데이트 없음

--------------------------------------------------------------------------------

================================================================================
📅 2026-01-04 (일) - Morning Task (00:39 KST)
================================================================================
🚫 미국 시장 휴장일

--------------------------------------------------------------------------------

================================================================================
📅 2026-01-04 (일) - Evening Task (12:12 KST)
================================================================================
🚫 미국 시장 휴장일 - 종가 업데이트 없음

--------------------------------------------------------------------------------

================================================================================
📅 2026-01-05 (월) - Morning Task (00:46 KST)
================================================================================
✅ 미국 시장 개장일

📊 주문 내역:
  • LOC 매수: 32주 @ $47.24
  • 매도: 없음

💼 포트폴리오:
  • 보유 주식: 0주
  • 남은 잔고: $10596.24

--------------------------------------------------------------------------------

================================================================================
📅 2026-01-05 (월) - Evening Task (11:59 KST)
================================================================================
📈 종가 업데이트 완료: $49.22

--------------------------------------------------------------------------------

================================================================================
📅 2026-01-06 (화) - Morning Task (00:45 KST)
================================================================================
✅ 미국 시장 개장일

📊 주문 내역:
  • LOC 매수: 30주 @ $49.22
  • 매도: 없음

💼 포트폴리오:
  • 보유 주식: 0주
  • 남은 잔고: $10596.24

--------------------------------------------------------------------------------

================================================================================
📅 2026-01-06 (화) - Evening Task (11:59 KST)
================================================================================
📈 종가 업데이트 완료: $54.01

--------------------------------------------------------------------------------

================================================================================
📅 2026-01-07 (수) - Morning Task (00:48 KST)
================================================================================
✅ 미국 시장 개장일

📊 주문 내역:
  • LOC 매수: 28주 @ $54.01
  • 매도: 없음

💼 포트폴리오:
  • 보유 주식: 0주
  • 남은 잔고: $10596.24

--------------------------------------------------------------------------------

================================================================================
📅 2026-01-07 (수) - Evening Task (11:59 KST)
================================================================================
📈 종가 업데이트 완료: $52.29

--------------------------------------------------------------------------------

================================================================================
📅 2026-01-08 (목) - Morning Task (00:49 KST)
================================================================================
✅ 미국 시장 개장일

📊 주문 내역:
  • LOC 매수: 29주 @ $52.29
  • LOC 매도: 28주 @ $52.55

💼 포트폴리오:
  • 보유 주식: 28주
  • 남은 잔고: $9128.46

--------------------------------------------------------------------------------

================================================================================
📅 2026-01-08 (목) - Evening Task (12:00 KST)
================================================================================
📈 종가 업데이트 완료: $49.65

--------------------------------------------------------------------------------

================================================================================
📅 2026-01-09 (금) - Morning Task (00:46 KST)
================================================================================
✅ 미국 시장 개장일

📊 주문 내역:
  • LOC 매수: 30주 @ $49.65
  • LOC 매도: 28주 @ $52.55
  • LOC 매도: 29주 @ $49.90

💼 포트폴리오:
  • 보유 주식: 57주
  • 남은 잔고: $7685.01

--------------------------------------------------------------------------------

================================================================================
📅 2026-01-09 (금) - Evening Task (11:53 KST)
================================================================================
📈 종가 업데이트 완료: $53.95

--------------------------------------------------------------------------------

================================================================================
📅 2026-01-10 (토) - Morning Task (00:40 KST)
================================================================================
🚫 미국 시장 휴장일

--------------------------------------------------------------------------------

================================================================================
📅 2026-01-10 (토) - Evening Task (12:09 KST)
================================================================================
🚫 미국 시장 휴장일 - 종가 업데이트 없음

--------------------------------------------------------------------------------

================================================================================
📅 2026-01-11 (일) - Morning Task (00:40 KST)
================================================================================
🚫 미국 시장 휴장일

--------------------------------------------------------------------------------

================================================================================
📅 2026-01-11 (일) - Evening Task (12:07 KST)
================================================================================
🚫 미국 시장 휴장일 - 종가 업데이트 없음

--------------------------------------------------------------------------------

================================================================================
📅 2026-01-12 (월) - Morning Task (00:49 KST)
================================================================================
✅ 미국 시장 개장일

📊 주문 내역:
  • LOC 매수: 28주 @ $53.95
  • 매도: 없음

💼 포트폴리오:
  • 보유 주식: 0주
  • 남은 잔고: $10752.48

--------------------------------------------------------------------------------

================================================================================
📅 2026-01-12 (월) - Evening Task (11:58 KST)
================================================================================
📈 종가 업데이트 완료: $54.65

--------------------------------------------------------------------------------

================================================================================
📅 2026-01-13 (화) - Morning Task (00:49 KST)
================================================================================
✅ 미국 시장 개장일

📊 주문 내역:
  • LOC 매수: 28주 @ $54.65
  • 매도: 없음

💼 포트폴리오:
  • 보유 주식: 0주
  • 남은 잔고: $10752.48

--------------------------------------------------------------------------------

================================================================================
📅 2026-01-13 (화) - Evening Task (12:06 KST)
================================================================================
📈 종가 업데이트 완료: $56.07

--------------------------------------------------------------------------------

================================================================================
📅 2026-01-14 (수) - Morning Task (00:46 KST)
================================================================================
✅ 미국 시장 개장일

📊 주문 내역:
  • LOC 매수: 27주 @ $56.07
  • 매도: 없음

💼 포트폴리오:
  • 보유 주식: 0주
  • 남은 잔고: $10752.48

--------------------------------------------------------------------------------

================================================================================
📅 2026-01-14 (수) - Evening Task (12:00 KST)
================================================================================
📈 종가 업데이트 완료: $55.38

--------------------------------------------------------------------------------

================================================================================
📅 2026-01-15 (목) - Morning Task (00:53 KST)
================================================================================
✅ 미국 시장 개장일

📊 주문 내역:
  • LOC 매수: 27주 @ $55.38
  • LOC 매도: 27주 @ $55.66

💼 포트폴리오:
  • 보유 주식: 27주
  • 남은 잔고: $9253.48

--------------------------------------------------------------------------------

================================================================================
📅 2026-01-15 (목) - Evening Task (12:01 KST)
================================================================================
📈 종가 업데이트 완료: $58.08

--------------------------------------------------------------------------------

================================================================================
📅 2026-01-16 (금) - Morning Task (00:45 KST)
================================================================================
✅ 미국 시장 개장일

📊 주문 내역:
  • LOC 매수: 26주 @ $58.08
  • 매도: 없음

💼 포트폴리오:
  • 보유 주식: 0주
  • 남은 잔고: $10817.72

--------------------------------------------------------------------------------

================================================================================
📅 2026-01-16 (금) - Evening Task (11:52 KST)
================================================================================
📈 종가 업데이트 완료: $60.75

--------------------------------------------------------------------------------

================================================================================
📅 2026-01-17 (토) - Morning Task (00:40 KST)
================================================================================
🚫 미국 시장 휴장일

--------------------------------------------------------------------------------

================================================================================
📅 2026-01-17 (토) - Evening Task (12:07 KST)
================================================================================
🚫 미국 시장 휴장일 - 종가 업데이트 없음

--------------------------------------------------------------------------------

================================================================================
📅 2026-01-18 (일) - Morning Task (00:40 KST)
================================================================================
🚫 미국 시장 휴장일

--------------------------------------------------------------------------------

================================================================================
📅 2026-01-18 (일) - Evening Task (12:08 KST)
================================================================================
🚫 미국 시장 휴장일 - 종가 업데이트 없음

--------------------------------------------------------------------------------

================================================================================
📅 2026-01-19 (월) - Morning Task (00:48 KST)
================================================================================
🚫 미국 시장 휴장일

--------------------------------------------------------------------------------

================================================================================
📅 2026-01-19 (월) - Evening Task (12:03 KST)
================================================================================
🚫 미국 시장 휴장일 - 종가 업데이트 없음

--------------------------------------------------------------------------------

================================================================================
📅 2026-01-20 (화) - Morning Task (00:54 KST)
================================================================================
✅ 미국 시장 개장일

📊 주문 내역:
  • LOC 매수: 25주 @ $60.75
  • 매도: 없음

💼 포트폴리오:
  • 보유 주식: 0주
  • 남은 잔고: $10817.72

--------------------------------------------------------------------------------

================================================================================
📅 2026-01-20 (화) - Evening Task (12:02 KST)
================================================================================
📈 종가 업데이트 완료: $57.94

--------------------------------------------------------------------------------

================================================================================
📅 2026-01-21 (수) - Morning Task (00:56 KST)
================================================================================
✅ 미국 시장 개장일

📊 주문 내역:
  • LOC 매수: 26주 @ $57.94
  • LOC 매도: 25주 @ $58.23

💼 포트폴리오:
  • 보유 주식: 25주
  • 남은 잔고: $9365.60

--------------------------------------------------------------------------------

================================================================================
📅 2026-01-21 (수) - Evening Task (12:06 KST)
================================================================================
📈 종가 업데이트 완료: $63.48

--------------------------------------------------------------------------------

================================================================================
📅 2026-01-22 (목) - Morning Task (00:54 KST)
================================================================================
✅ 미국 시장 개장일

📊 주문 내역:
  • LOC 매수: 24주 @ $63.48
  • 매도: 없음

💼 포트폴리오:
  • 보유 주식: 0주
  • 남은 잔고: $10948.63

--------------------------------------------------------------------------------

================================================================================
📅 2026-01-22 (목) - Evening Task (12:01 KST)
================================================================================
📈 종가 업데이트 완료: $63.72

--------------------------------------------------------------------------------

================================================================================
📅 2026-01-23 (금) - Morning Task (00:48 KST)
================================================================================
✅ 미국 시장 개장일

📊 주문 내역:
  • LOC 매수: 24주 @ $63.72
  • 매도: 없음

💼 포트폴리오:
  • 보유 주식: 0주
  • 남은 잔고: $10948.63

--------------------------------------------------------------------------------

================================================================================
📅 2026-01-23 (금) - Evening Task (11:56 KST)
================================================================================
📈 종가 업데이트 완료: $61.60

--------------------------------------------------------------------------------

================================================================================
📅 2026-01-24 (토) - Morning Task (00:41 KST)
================================================================================
🚫 미국 시장 휴장일

--------------------------------------------------------------------------------

================================================================================
📅 2026-01-24 (토) - Evening Task (12:13 KST)
================================================================================
🚫 미국 시장 휴장일 - 종가 업데이트 없음

--------------------------------------------------------------------------------

================================================================================
📅 2026-01-25 (일) - Evening Task (12:17 KST)
================================================================================
🚫 미국 시장 휴장일 - 종가 업데이트 없음

--------------------------------------------------------------------------------

================================================================================
📅 2026-01-26 (월) - Evening Task (12:07 KST)
================================================================================
📈 종가 업데이트 완료: $60.70

--------------------------------------------------------------------------------

================================================================================
📅 2026-01-27 (화) - Evening Task (01:28 KST)
================================================================================
📈 종가 업데이트 완료: $65.76

--------------------------------------------------------------------------------

================================================================================
📅 2026-01-27 (화) - Evening Task (01:49 KST)
================================================================================
📈 종가 업데이트 완료: $65.69

--------------------------------------------------------------------------------

================================================================================
📅 2026-01-27 (화) - Evening Task (12:04 KST)
================================================================================
📈 종가 업데이트 완료: $64.96

--------------------------------------------------------------------------------

================================================================================
📅 2026-01-28 (수) - Evening Task (12:28 KST)
================================================================================
📈 종가 업데이트 완료: $70.09

--------------------------------------------------------------------------------

================================================================================
📅 2026-01-29 (목) - Evening Task (12:29 KST)
================================================================================
📈 종가 업데이트 완료: $70.47

--------------------------------------------------------------------------------

================================================================================
📅 2026-01-30 (금) - Evening Task (12:24 KST)
================================================================================
📈 종가 업데이트 완료: $61.79

--------------------------------------------------------------------------------

================================================================================
📅 2026-01-31 (토) - Evening Task (12:50 KST)
================================================================================
🚫 미국 시장 휴장일 - 종가 업데이트 없음

--------------------------------------------------------------------------------

================================================================================
📅 2026-02-01 (일) - Evening Task (12:42 KST)
================================================================================
🚫 미국 시장 휴장일 - 종가 업데이트 없음

--------------------------------------------------------------------------------

================================================================================
📅 2026-02-02 (월) - Evening Task (12:36 KST)
================================================================================
📈 종가 업데이트 완료: $65.20

--------------------------------------------------------------------------------

================================================================================
📅 2026-02-03 (화) - Evening Task (12:33 KST)
================================================================================
📈 종가 업데이트 완료: $61.20

--------------------------------------------------------------------------------

================================================================================
📅 2026-02-04 (수) - Evening Task (12:34 KST)
================================================================================
📈 종가 업데이트 완료: $53.19

--------------------------------------------------------------------------------

================================================================================
📅 2026-02-05 (목) - Evening Task (12:33 KST)
================================================================================
📈 종가 업데이트 완료: $53.25

--------------------------------------------------------------------------------

================================================================================
📅 2026-02-06 (금) - Evening Task (12:26 KST)
================================================================================
📈 종가 업데이트 완료: $61.75

--------------------------------------------------------------------------------

================================================================================
📅 2026-02-07 (토) - Evening Task (12:55 KST)
================================================================================
🚫 미국 시장 휴장일 - 종가 업데이트 없음

--------------------------------------------------------------------------------

================================================================================
📅 2026-02-08 (일) - Evening Task (12:45 KST)
================================================================================
🚫 미국 시장 휴장일 - 종가 업데이트 없음

--------------------------------------------------------------------------------

================================================================================
📅 2026-02-09 (월) - Evening Task (12:52 KST)
================================================================================
📈 종가 업데이트 완료: $64.03

--------------------------------------------------------------------------------

================================================================================
📅 2026-02-10 (화) - Evening Task (12:49 KST)
================================================================================
📈 종가 업데이트 완료: $63.34

--------------------------------------------------------------------------------

================================================================================
📅 2026-02-11 (수) - Evening Task (12:45 KST)
================================================================================
📈 종가 업데이트 완료: $68.05

--------------------------------------------------------------------------------

================================================================================
📅 2026-02-12 (목) - Evening Task (12:41 KST)
================================================================================
📈 종가 업데이트 완료: $63.10

--------------------------------------------------------------------------------

================================================================================
📅 2026-02-13 (금) - Evening Task (12:30 KST)
================================================================================
📈 종가 업데이트 완료: $64.59

--------------------------------------------------------------------------------

================================================================================
📅 2026-02-14 (토) - Evening Task (12:43 KST)
================================================================================
🚫 미국 시장 휴장일 - 종가 업데이트 없음

--------------------------------------------------------------------------------

================================================================================
📅 2026-02-15 (일) - Evening Task (12:43 KST)
================================================================================
🚫 미국 시장 휴장일 - 종가 업데이트 없음

--------------------------------------------------------------------------------

================================================================================
📅 2026-02-16 (월) - Evening Task (12:38 KST)
================================================================================
🚫 미국 시장 휴장일 - 종가 업데이트 없음

--------------------------------------------------------------------------------

================================================================================
📅 2026-02-17 (화) - Evening Task (12:40 KST)
================================================================================
📈 종가 업데이트 완료: $64.35

--------------------------------------------------------------------------------

================================================================================
📅 2026-02-18 (수) - Evening Task (12:39 KST)
================================================================================
📈 종가 업데이트 완료: $66.29

--------------------------------------------------------------------------------

================================================================================
📅 2026-02-19 (목) - Evening Task (12:34 KST)
================================================================================
📈 종가 업데이트 완료: $65.23

--------------------------------------------------------------------------------

================================================================================
📅 2026-02-20 (금) - Evening Task (12:24 KST)
================================================================================
📈 종가 업데이트 완료: $67.11

--------------------------------------------------------------------------------

================================================================================
📅 2026-02-21 (토) - Evening Task (12:37 KST)
================================================================================
🚫 미국 시장 휴장일 - 종가 업데이트 없음

--------------------------------------------------------------------------------

================================================================================
📅 2026-02-22 (일) - Evening Task (12:42 KST)
================================================================================
🚫 미국 시장 휴장일 - 종가 업데이트 없음

--------------------------------------------------------------------------------

================================================================================
📅 2026-02-23 (월) - Evening Task (12:38 KST)
================================================================================
📈 종가 업데이트 완료: $65.86

--------------------------------------------------------------------------------

================================================================================
📅 2026-02-24 (화) - Evening Task (12:38 KST)
================================================================================
📈 종가 업데이트 완료: $68.53

--------------------------------------------------------------------------------

================================================================================
📅 2026-02-25 (수) - Evening Task (12:35 KST)
================================================================================
📈 종가 업데이트 완료: $71.86

--------------------------------------------------------------------------------

================================================================================
📅 2026-02-26 (목) - Evening Task (12:31 KST)
================================================================================
📈 종가 업데이트 완료: $65.34

--------------------------------------------------------------------------------

================================================================================
📅 2026-02-27 (금) - Evening Task (12:11 KST)
================================================================================
📈 종가 업데이트 완료: $62.77

--------------------------------------------------------------------------------

================================================================================
📅 2026-02-28 (토) - Evening Task (12:42 KST)
================================================================================
🚫 미국 시장 휴장일 - 종가 업데이트 없음

--------------------------------------------------------------------------------

================================================================================
📅 2026-03-01 (일) - Evening Task (12:32 KST)
================================================================================
🚫 미국 시장 휴장일 - 종가 업데이트 없음

--------------------------------------------------------------------------------

================================================================================
📅 2026-03-02 (월) - Evening Task (12:35 KST)
================================================================================
📈 종가 업데이트 완료: $62.76

--------------------------------------------------------------------------------

================================================================================
📅 2026-03-03 (화) - Evening Task (12:27 KST)
================================================================================
📈 종가 업데이트 완료: $53.42

--------------------------------------------------------------------------------

================================================================================
📅 2026-03-04 (수) - Evening Task (12:30 KST)
================================================================================
📈 종가 업데이트 완료: $56.62

--------------------------------------------------------------------------------

================================================================================
📅 2026-03-05 (목) - Evening Task (12:28 KST)
================================================================================
📈 종가 업데이트 완료: $54.80

--------------------------------------------------------------------------------

================================================================================
📅 2026-03-06 (금) - Evening Task (12:19 KST)
================================================================================
📈 종가 업데이트 완료: $47.89

--------------------------------------------------------------------------------

================================================================================
📅 2026-03-07 (토) - Evening Task (12:32 KST)
================================================================================
🚫 미국 시장 휴장일 - 종가 업데이트 없음

--------------------------------------------------------------------------------

================================================================================
📅 2026-03-08 (일) - Evening Task (12:36 KST)
================================================================================
🚫 미국 시장 휴장일 - 종가 업데이트 없음

--------------------------------------------------------------------------------

================================================================================
📅 2026-03-09 (월) - Evening Task (12:28 KST)
================================================================================
📈 종가 업데이트 완료: $53.32

--------------------------------------------------------------------------------

================================================================================
📅 2026-03-10 (화) - Evening Task (12:27 KST)
================================================================================
📈 종가 업데이트 완료: $54.59

--------------------------------------------------------------------------------

================================================================================
📅 2026-03-11 (수) - Evening Task (12:33 KST)
================================================================================
📈 종가 업데이트 완료: $56.09

--------------------------------------------------------------------------------

================================================================================
📅 2026-03-12 (목) - Evening Task (12:30 KST)
================================================================================
📈 종가 업데이트 완료: $50.28

--------------------------------------------------------------------------------

